Release 14.1 - xst P.15xf (nt64)
Copyright (c) 1995-2012 Xilinx, Inc.  All rights reserved.
--> Parameter TMPDIR set to xst/projnav.tmp


Total REAL time to Xst completion: 1.00 secs
Total CPU time to Xst completion: 0.71 secs
 
--> Parameter xsthdpdir set to xst


Total REAL time to Xst completion: 1.00 secs
Total CPU time to Xst completion: 0.71 secs
 
--> Reading design: GAS_Diagnostic_Deveice.prj

TABLE OF CONTENTS
  1) Synthesis Options Summary
  2) HDL Compilation
  3) Design Hierarchy Analysis
  4) HDL Analysis
  5) HDL Synthesis
     5.1) HDL Synthesis Report
  6) Advanced HDL Synthesis
     6.1) Advanced HDL Synthesis Report
  7) Low Level Synthesis
  8) Partition Report
  9) Final Report
	9.1) Device utilization summary
	9.2) Partition Resource Summary
	9.3) TIMING REPORT


=========================================================================
*                      Synthesis Options Summary                        *
=========================================================================
---- Source Parameters
Input File Name                    : "GAS_Diagnostic_Deveice.prj"
Input Format                       : mixed
Ignore Synthesis Constraint File   : NO

---- Target Parameters
Output File Name                   : "GAS_Diagnostic_Deveice"
Output Format                      : NGC
Target Device                      : xc3s500e-5-fg320

---- Source Options
Top Module Name                    : GAS_Diagnostic_Deveice
Automatic FSM Extraction           : YES
FSM Encoding Algorithm             : Auto
Safe Implementation                : No
FSM Style                          : LUT
RAM Extraction                     : Yes
RAM Style                          : Auto
ROM Extraction                     : Yes
Mux Style                          : Auto
Decoder Extraction                 : YES
Priority Encoder Extraction        : Yes
Shift Register Extraction          : YES
Logical Shifter Extraction         : YES
XOR Collapsing                     : YES
ROM Style                          : Auto
Mux Extraction                     : Yes
Resource Sharing                   : YES
Asynchronous To Synchronous        : NO
Multiplier Style                   : Auto
Automatic Register Balancing       : No

---- Target Options
Add IO Buffers                     : YES
Global Maximum Fanout              : 100000
Add Generic Clock Buffer(BUFG)     : 24
Register Duplication               : YES
Slice Packing                      : YES
Optimize Instantiated Primitives   : NO
Use Clock Enable                   : Yes
Use Synchronous Set                : Yes
Use Synchronous Reset              : Yes
Pack IO Registers into IOBs        : Auto
Equivalent register Removal        : YES

---- General Options
Optimization Goal                  : Speed
Optimization Effort                : 1
Keep Hierarchy                     : No
Netlist Hierarchy                  : As_Optimized
RTL Output                         : Yes
Global Optimization                : AllClockNets
Read Cores                         : YES
Write Timing Constraints           : NO
Cross Clock Analysis               : NO
Hierarchy Separator                : /
Bus Delimiter                      : <>
Case Specifier                     : Maintain
Slice Utilization Ratio            : 100
BRAM Utilization Ratio             : 100
Verilog 2001                       : YES
Auto BRAM Packing                  : NO
Slice Utilization Ratio Delta      : 5

=========================================================================


=========================================================================
*                          HDL Compilation                              *
=========================================================================
Compiling vhdl file "D:/HDL_designs/Diploma/ACS_172.vhd" in Library work.
Package <heap_arr_pkg> compiled.
Entity <gas_diagnostic_device> compiled.
ERROR:HDLParsers:3010 - "D:/HDL_designs/Diploma/ACS_172.vhd" Line 56. Entity GAS_Diagnostic_Deveice does not exist.
ERROR:HDLParsers:3312 - "D:/HDL_designs/Diploma/ACS_172.vhd" Line 58. Undefined symbol 'std_logic_vector'.
ERROR:HDLParsers:1209 - "D:/HDL_designs/Diploma/ACS_172.vhd" Line 58. std_logic_vector: Undefined symbol (last report in this block)
ERROR:HDLParsers:3312 - "D:/HDL_designs/Diploma/ACS_172.vhd" Line 69. Undefined symbol 'TestSequence'.
ERROR:HDLParsers:1209 - "D:/HDL_designs/Diploma/ACS_172.vhd" Line 69. TestSequence: Undefined symbol (last report in this block)
ERROR:HDLParsers:3312 - "D:/HDL_designs/Diploma/ACS_172.vhd" Line 72. Undefined symbol 'clk'.
ERROR:HDLParsers:1209 - "D:/HDL_designs/Diploma/ACS_172.vhd" Line 72. clk: Undefined symbol (last report in this block)
ERROR:HDLParsers:3312 - "D:/HDL_designs/Diploma/ACS_172.vhd" Line 72. Undefined symbol 'reset'.
ERROR:HDLParsers:1209 - "D:/HDL_designs/Diploma/ACS_172.vhd" Line 72. reset: Undefined symbol (last report in this block)
ERROR:HDLParsers:3312 - "D:/HDL_designs/Diploma/ACS_172.vhd" Line 74. Undefined symbol 'rising_edge'.
ERROR:HDLParsers:1209 - "D:/HDL_designs/Diploma/ACS_172.vhd" Line 74. rising_edge: Undefined symbol (last report in this block)
ERROR:HDLParsers:808 - "D:/HDL_designs/Diploma/ACS_172.vhd" Line 86. = can not have such operands in this context.
ERROR:HDLParsers:3312 - "D:/HDL_designs/Diploma/ACS_172.vhd" Line 87. Undefined symbol 'State'.
ERROR:HDLParsers:3312 - "D:/HDL_designs/Diploma/ACS_172.vhd" Line 87. Undefined symbol 'A1'.
ERROR:HDLParsers:1209 - "D:/HDL_designs/Diploma/ACS_172.vhd" Line 87. A1: Undefined symbol (last report in this block)
ERROR:HDLParsers:1209 - "D:/HDL_designs/Diploma/ACS_172.vhd" Line 89. State: Undefined symbol (last report in this block)
ERROR:HDLParsers:3312 - "D:/HDL_designs/Diploma/ACS_172.vhd" Line 89. Undefined symbol 'NextState'.
ERROR:HDLParsers:1209 - "D:/HDL_designs/Diploma/ACS_172.vhd" Line 89. NextState: Undefined symbol (last report in this block)
WARNING:HDLParsers:1406 - "D:/HDL_designs/Diploma/ACS_172.vhd" Line 72. No sensitivity list and no wait in the process
ERROR:HDLParsers:3312 - "D:/HDL_designs/Diploma/ACS_172.vhd" Line 94. Undefined symbol 'State'.
ERROR:HDLParsers:1209 - "D:/HDL_designs/Diploma/ACS_172.vhd" Line 94. State: Undefined symbol (last report in this block)
ERROR:HDLParsers:3312 - "D:/HDL_designs/Diploma/ACS_172.vhd" Line 94. Undefined symbol 'NextState'.
ERROR:HDLParsers:1209 - "D:/HDL_designs/Diploma/ACS_172.vhd" Line 94. NextState: Undefined symbol (last report in this block)
ERROR:HDLParsers:3312 - "D:/HDL_designs/Diploma/ACS_172.vhd" Line 97. Undefined symbol 'Yx'.
ERROR:HDLParsers:808 - "D:/HDL_designs/Diploma/ACS_172.vhd" Line 102. = can not have such operands in this context.
ERROR:HDLParsers:1209 - "D:/HDL_designs/Diploma/ACS_172.vhd" Line 103. Yx: Undefined symbol (last report in this block)
ERROR:HDLParsers:808 - "D:/HDL_designs/Diploma/ACS_172.vhd" Line 107. = can not have such operands in this context.
ERROR:HDLParsers:808 - "D:/HDL_designs/Diploma/ACS_172.vhd" Line 112. = can not have such operands in this context.
ERROR:HDLParsers:808 - "D:/HDL_designs/Diploma/ACS_172.vhd" Line 117. = can not have such operands in this context.
ERROR:HDLParsers:808 - "D:/HDL_designs/Diploma/ACS_172.vhd" Line 122. = can not have such operands in this context.
ERROR:HDLParsers:808 - "D:/HDL_designs/Diploma/ACS_172.vhd" Line 128. = can not have such operands in this context.
ERROR:HDLParsers:808 - "D:/HDL_designs/Diploma/ACS_172.vhd" Line 130. = can not have such operands in this context.
ERROR:HDLParsers:808 - "D:/HDL_designs/Diploma/ACS_172.vhd" Line 140. = can not have such operands in this context.
WARNING:HDLParsers:1406 - "D:/HDL_designs/Diploma/ACS_172.vhd" Line 94. No sensitivity list and no wait in the process
--> 

Total memory usage is 317568 kilobytes

Number of errors   :   32 (   0 filtered)
Number of warnings :    2 (   0 filtered)
Number of infos    :    0 (   0 filtered)

